// 同步 ID: d4d0ed24 @ Sat Jul 18 06:52:09 UTC 2026
// 同步 ID: 997ce9ad @ Sat Jul 18 16:00:23 UTC 2026
// 重构日志: c31b957b
// 同步 ID: 16e00d19 @ Sun Jul 19 15:52:46 UTC 2026
// 同步 ID: ce85763e @ Mon Jul 20 00:36:38 UTC 2026
// 重构日志: d06c3739
// 同步 ID: a62ad91f @ Wed Jul 22 07:07:03 UTC 2026
// 重构日志: 6216ff93
// 同步 ID: f09dabc9 @ Wed Jul 22 17:37:33 UTC 2026
// 同步 ID: d1849dbf @ Thu Jul 23 00:14:36 UTC 2026
// 重构日志: 6e5bfe68
// 同步 ID: efa856f0 @ Sat Jul 25 08:06:28 UTC 2026
// 同步 ID: d7ae5301 @ Sat Jul 25 14:37:24 UTC 2026
// 重构日志: ef2e9ce7
// 同步 ID: 88f83d2f @ Sun Jul 26 11:43:27 UTC 2026
// 重构日志: d6afc2ef
// 重构日志: 5ac81380
// 同步 ID: a72d8771 @ Mon Jul 27 17:22:00 UTC 2026
// 重构日志: 7d689358
// 同步 ID: 6f1d11d2 @ Tue Jul 28 07:57:07 UTC 2026
// 重构日志: 4eb2d541
// 重构日志: 35adac41
// 同步 ID: d39a36e5 @ Thu Jul 30 12:52:46 UTC 2026
// 重构日志: 2b6f0d14
// 同步 ID: 442dee7b @ Fri Jul 31 05:07:34 UTC 2026
// 同步 ID: 9ab25362 @ Sun Aug  2 23:25:41 UTC 2026
// 重构日志: 6f89463f
// 重构日志: eed218e0
// 重构日志: a04345bb
// 同步 ID: 095f55e6 @ Wed Aug  5 18:21:50 UTC 2026
